MPLINK 4.49, Linker
Linker Map File - Created Sat Dec 01 15:00:39 2018

                                 Section Info
                  Section       Type    Address   Location Size(Bytes)
                ---------  ---------  ---------  ---------  ---------
                   .org_0       code   0x000000    program   0x000000
                   .org_1       code   0x000000    program   0x0000c6



                              Program Memory Usage 
                               Start         End      
                           ---------   ---------      
                            0x000000    0x000062      
            99 out of 8454 program addresses used, program memory utilization is 1%



                              Symbols - Sorted by Name
                     Name    Address   Location    Storage File                     
                ---------  ---------  ---------  --------- ---------                
                ANA_METOT   0x000001    program     static D:\mikroislemciler\2018GuzDonemi\64.uygulama\uygulama-64.asm
           KAYDIRMA_METOT   0x00000d    program     static D:\mikroislemciler\2018GuzDonemi\64.uygulama\uygulama-64.asm
                  KONTROL   0x000062    program     static D:\mikroislemciler\2018GuzDonemi\64.uygulama\uygulama-64.asm
              LCD_AYARLAR   0x000033    program     static D:\mikroislemciler\2018GuzDonemi\64.uygulama\uygulama-64.asm
          LCD_KARAKTERLER   0x00003a    program     static D:\mikroislemciler\2018GuzDonemi\64.uygulama\uygulama-64.asm
      LCD_KARAKTER_YAZDIR   0x000025    program     static D:\mikroislemciler\2018GuzDonemi\64.uygulama\uygulama-64.asm
               LCD_KAYDIR   0x000014    program     static D:\mikroislemciler\2018GuzDonemi\64.uygulama\uygulama-64.asm
         LCD_KOMUT_YAZDIR   0x000017    program     static D:\mikroislemciler\2018GuzDonemi\64.uygulama\uygulama-64.asm
                   SATIR2   0x000051    program     static D:\mikroislemciler\2018GuzDonemi\64.uygulama\uygulama-64.asm
                   SAYDIR   0x00000b    program     static D:\mikroislemciler\2018GuzDonemi\64.uygulama\uygulama-64.asm
                   TABLO1   0x000054    program     static D:\mikroislemciler\2018GuzDonemi\64.uygulama\uygulama-64.asm
                   TABLO2   0x00005b    program     static D:\mikroislemciler\2018GuzDonemi\64.uygulama\uygulama-64.asm



                              Symbols - Sorted by Address
                     Name    Address   Location    Storage File                     
                ---------  ---------  ---------  --------- ---------                
                ANA_METOT   0x000001    program     static D:\mikroislemciler\2018GuzDonemi\64.uygulama\uygulama-64.asm
                   SAYDIR   0x00000b    program     static D:\mikroislemciler\2018GuzDonemi\64.uygulama\uygulama-64.asm
           KAYDIRMA_METOT   0x00000d    program     static D:\mikroislemciler\2018GuzDonemi\64.uygulama\uygulama-64.asm
               LCD_KAYDIR   0x000014    program     static D:\mikroislemciler\2018GuzDonemi\64.uygulama\uygulama-64.asm
         LCD_KOMUT_YAZDIR   0x000017    program     static D:\mikroislemciler\2018GuzDonemi\64.uygulama\uygulama-64.asm
      LCD_KARAKTER_YAZDIR   0x000025    program     static D:\mikroislemciler\2018GuzDonemi\64.uygulama\uygulama-64.asm
              LCD_AYARLAR   0x000033    program     static D:\mikroislemciler\2018GuzDonemi\64.uygulama\uygulama-64.asm
          LCD_KARAKTERLER   0x00003a    program     static D:\mikroislemciler\2018GuzDonemi\64.uygulama\uygulama-64.asm
                   SATIR2   0x000051    program     static D:\mikroislemciler\2018GuzDonemi\64.uygulama\uygulama-64.asm
                   TABLO1   0x000054    program     static D:\mikroislemciler\2018GuzDonemi\64.uygulama\uygulama-64.asm
                   TABLO2   0x00005b    program     static D:\mikroislemciler\2018GuzDonemi\64.uygulama\uygulama-64.asm
                  KONTROL   0x000062    program     static D:\mikroislemciler\2018GuzDonemi\64.uygulama\uygulama-64.asm


